=== OFFLINE demo | book=Truyen-nhiem-1.pdf | model=granite4.1:8b | cap=25 chunks ===
⚙ Preload model: granite4.1:8b (keep_alive=30m)
   ✓ Sẵn sàng (8.5s)
📄 C:\Users\ADMIN\Downloads\Truyen-nhiem-1.pdf
   29,031 từ → 201 chunks
🚀 Mode: STRUCTURED (JSON Schema) | num_predict=320 | num_ctx=4096 | temp=0.1
   Instruction: Tóm tắt đoạn văn y khoa và trích các thực thể chính.
   Schema mẫu: {"tom_tat": "", "thuat_ngu": [], "benh": []}
   Chunks: 201
   Retry JSON: tối đa 2 lần/chunk khi output chưa đạt
   ✓ 1/201: 8.8s · 227 ký tự JSON
   ✓ 2/201: 6.9s · 328 ký tự JSON
   ✓ 3/201: 3.2s · 39 ký tự JSON
   ✓ 4/201: 3.0s · 39 ký tự JSON
   ✓ 5/201: 10.2s · 665 ký tự JSON
   ↻ 6/201: JSON chưa đạt, thử lại (1/2, num_predict→640)
   ✓ 6/201: 21.3s · 739 ký tự JSON
   ↻ 7/201: JSON chưa đạt, thử lại (1/2, num_predict→640)
   ✓ 7/201: 23.4s · 878 ký tự JSON
   ✓ 8/201: 8.2s · 464 ký tự JSON
   ✓ 9/201: 3.2s · 39 ký tự JSON
   ↻ 10/201: JSON chưa đạt, thử lại (1/2, num_predict→640)
   ↻ 10/201: JSON chưa đạt, thử lại (2/2, num_predict→960)
   ✓ 10/201: 54.1s · 1811 ký tự JSON ⚠ raw
   ↻ 11/201: JSON chưa đạt, thử lại (1/2, num_predict→640)
   ✓ 11/201: 22.7s · 805 ký tự JSON
   ✓ 12/201: 3.3s · 39 ký tự JSON
